// Jest Snapshot v1, https://goo.gl/fbAQLP

exports[`Test iteration.test should render 3 items 1`] = `
"<mjml>
  <mj-head>

    <mj-html-attributes>
      <mj-html-attribute class=\\"real-email\\" multiple-attributes=\\"false\\" attribute-name=\\"text-color\\" text-color=\\"#000000\\"></mj-html-attribute>
      <mj-html-attribute class=\\"real-email\\" multiple-attributes=\\"false\\" attribute-name=\\"font-family\\" font-family=\\"-apple-system, BlinkMacSystemFont, &#x27;Segoe UI&#x27;, &#x27;Roboto&#x27;, &#x27;Oxygen&#x27;, &#x27;Ubuntu&#x27;, &#x27;Cantarell&#x27;, &#x27;Fira Sans&#x27;, &#x27;Droid Sans&#x27;,&#x27;Helvetica Neue&#x27;, sans-serif\\"></mj-html-attribute>
      <mj-html-attribute class=\\"real-email\\" multiple-attributes=\\"false\\" attribute-name=\\"font-size\\" font-size=\\"14px\\"></mj-html-attribute>
      <mj-html-attribute class=\\"real-email\\" multiple-attributes=\\"false\\" attribute-name=\\"line-height\\" line-height=\\"1.7\\"></mj-html-attribute>
      <mj-html-attribute class=\\"real-email\\" multiple-attributes=\\"false\\" attribute-name=\\"font-weight\\" font-weight=\\"400\\"></mj-html-attribute>
      <mj-html-attribute class=\\"real-email\\" multiple-attributes=\\"false\\" attribute-name=\\"responsive\\" responsive=\\"true\\"></mj-html-attribute>

    </mj-html-attributes>


    <mj-style inline=\\"inline\\">[object Object]</mj-style>
    <mj-style>[object Object]</mj-style>

    <mj-breakpoint width=\\"480px\\" />


    <mj-attributes>

      <mj-all font-family=\\"-apple-system, BlinkMacSystemFont, &#x27;Segoe UI&#x27;, &#x27;Roboto&#x27;, &#x27;Oxygen&#x27;, &#x27;Ubuntu&#x27;, &#x27;Cantarell&#x27;, &#x27;Fira Sans&#x27;, &#x27;Droid Sans&#x27;,&#x27;Helvetica Neue&#x27;, sans-serif\\" />
      <mj-text font-size=\\"14px\\" />
      <mj-text color=\\"#000000\\" />
      <mj-text line-height=\\"1.7\\" />
      <mj-text font-weight=\\"400\\" />


    </mj-attributes>
  </mj-head>
  <mj-body background-color=\\"#efeeea\\" width=\\"600px\\">
    <mj-raw>
      <!-- htmlmin:ignore -->
      
      <!-- htmlmin:ignore -->
    </mj-raw>
    <mj-section padding=\\"20px 0px 20px 0px\\" border=\\"none\\" direction=\\"ltr\\" text-align=\\"center\\" background-repeat=\\"repeat\\" background-size=\\"auto\\" background-position=\\"top center\\">
      <mj-column padding=\\"0px 0px 0px 0px\\" border=\\"none\\" vertical-align=\\"top\\" width=\\"100.00%\\">
        <mj-text padding=\\"10px 25px 10px 25px\\" align=\\"left\\">id: 1 title: 1</mj-text>
      </mj-column>
    </mj-section>
    <mj-raw>
      <!-- htmlmin:ignore -->
      <!-- htmlmin:ignore -->
    </mj-raw>
    <mj-section padding=\\"20px 0px 20px 0px\\" border=\\"none\\" direction=\\"ltr\\" text-align=\\"center\\" background-repeat=\\"repeat\\" background-size=\\"auto\\" background-position=\\"top center\\">
      <mj-column padding=\\"0px 0px 0px 0px\\" border=\\"none\\" vertical-align=\\"top\\" width=\\"100.00%\\">
        <mj-text padding=\\"10px 25px 10px 25px\\" align=\\"left\\">id: 2 title: 2</mj-text>
      </mj-column>
    </mj-section>
    <mj-raw>
      <!-- htmlmin:ignore -->
      <!-- htmlmin:ignore -->
    </mj-raw>
    <mj-section padding=\\"20px 0px 20px 0px\\" border=\\"none\\" direction=\\"ltr\\" text-align=\\"center\\" background-repeat=\\"repeat\\" background-size=\\"auto\\" background-position=\\"top center\\">
      <mj-column padding=\\"0px 0px 0px 0px\\" border=\\"none\\" vertical-align=\\"top\\" width=\\"100.00%\\">
        <mj-text padding=\\"10px 25px 10px 25px\\" align=\\"left\\">id: 3 title: 3</mj-text>
      </mj-column>
    </mj-section>
    <mj-raw>
      <!-- htmlmin:ignore -->
      <!-- htmlmin:ignore -->
    </mj-raw>
  </mj-body>
</mjml>"
`;
